------------------------------------------------------------
Timing Analyzer Summary
------------------------------------------------------------

Type  : Slow 1100mV 85C Model Setup 'clk'
Slack : -18.291
TNS   : -7281.221

Type  : Slow 1100mV 85C Model Hold 'clk'
Slack : 0.547
TNS   : 0.000

Type  : Slow 1100mV 85C Model Minimum Pulse Width 'clk'
Slack : -4.555
TNS   : -1824.079

Type  : Slow 1100mV 0C Model Setup 'clk'
Slack : -18.859
TNS   : -7038.006

Type  : Slow 1100mV 0C Model Hold 'clk'
Slack : 0.544
TNS   : 0.000

Type  : Slow 1100mV 0C Model Minimum Pulse Width 'clk'
Slack : -4.555
TNS   : -1828.042

Type  : Fast 1100mV 85C Model Setup 'clk'
Slack : -7.130
TNS   : -2746.603

Type  : Fast 1100mV 85C Model Hold 'clk'
Slack : 0.181
TNS   : 0.000

Type  : Fast 1100mV 85C Model Minimum Pulse Width 'clk'
Slack : -2.636
TNS   : -266.147

Type  : Fast 1100mV 0C Model Setup 'clk'
Slack : -6.457
TNS   : -2295.006

Type  : Fast 1100mV 0C Model Hold 'clk'
Slack : 0.173
TNS   : 0.000

Type  : Fast 1100mV 0C Model Minimum Pulse Width 'clk'
Slack : -2.636
TNS   : -268.544

------------------------------------------------------------
