Analysis & Synthesis report for ESM
Sun Apr 13 18:23:10 2025
Quartus Prime Version 20.1.1 Build 720 11/11/2020 SJ Lite Edition


---------------------
; Table of Contents ;
---------------------
  1. Legal Notice
  2. Analysis & Synthesis Summary
  3. Analysis & Synthesis Settings
  4. Parallel Compilation
  5. Analysis & Synthesis Source Files Read
  6. Analysis & Synthesis Resource Usage Summary
  7. Analysis & Synthesis Resource Utilization by Entity
  8. Analysis & Synthesis RAM Summary
  9. Registers Removed During Synthesis
 10. General Register Statistics
 11. Inverted Register Statistics
 12. Registers Packed Into Inferred Megafunctions
 13. Multiplexer Restructuring Statistics (Restructuring Performed)
 14. Source assignments for InstructionBuffer:Buffer|altsyncram:Instr_buffer_rtl_0|altsyncram_03n1:auto_generated
 15. Parameter Settings for User Entity Instance: Top-level Entity: |ESM
 16. Parameter Settings for User Entity Instance: InstructionBuffer:Buffer
 17. Parameter Settings for User Entity Instance: ESM_Core:Core
 18. Parameter Settings for User Entity Instance: ESM_Core:Core|ESM_Core_IDA:IDA
 19. Parameter Settings for User Entity Instance: ESM_Core:Core|ESM_Core_IDA:IDA|Synchronizer:synchronizer_1
 20. Parameter Settings for User Entity Instance: ESM_Core:Core|ESM_Core_IDA:IDA|Synchronizer:synchronizer_2
 21. Parameter Settings for User Entity Instance: ESM_Core:Core|ESM_Core_IDA:IDA|IRT:irt_table
 22. Parameter Settings for User Entity Instance: ESM_Core:Core|ESM_Core_IDA:IDA|IDT:idt_table
 23. Parameter Settings for User Entity Instance: ESM_Core:Core|ESM_Core_IIM:IIM
 24. Parameter Settings for User Entity Instance: ESM_Core:Core|ESM_Core_IIM:IIM|Synchronizer:synchronizer_1
 25. Parameter Settings for User Entity Instance: ESM_Core:Core|ESM_Core_IIM:IIM|Synchronizer:synchronizer_2
 26. Parameter Settings for User Entity Instance: ESM_Core:Core|ESM_Core_IIM:IIM|CandidateList:list
 27. Parameter Settings for User Entity Instance: ESM_Core:Core|ESM_Core_IIM:IIM|MappingTable:mapping_table
 28. Parameter Settings for User Entity Instance: ESM_Core:Core|ESM_Core_IIM:IIM|PRNG:prng
 29. Parameter Settings for User Entity Instance: BufferValidator:Validator
 30. Parameter Settings for Inferred Entity Instance: InstructionBuffer:Buffer|altsyncram:Instr_buffer_rtl_0
 31. Parameter Settings for Inferred Entity Instance: ESM_Core:Core|ESM_Core_IIM:IIM|MappingTable:mapping_table|lpm_divide:Mod0
 32. altsyncram Parameter Settings by Entity Instance
 33. Post-Synthesis Netlist Statistics for Top Partition
 34. Elapsed Time Per Partition
 35. Analysis & Synthesis Messages



----------------
; Legal Notice ;
----------------
Copyright (C) 2020  Intel Corporation. All rights reserved.
Your use of Intel Corporation's design tools, logic functions 
and other software and tools, and any partner logic 
functions, and any output files from any of the foregoing 
(including device programming or simulation files), and any 
associated documentation or information are expressly subject 
to the terms and conditions of the Intel Program License 
Subscription Agreement, the Intel Quartus Prime License Agreement,
the Intel FPGA IP License Agreement, or other applicable license
agreement, including, without limitation, that your use is for
the sole purpose of programming logic devices manufactured by
Intel and sold by Intel or its authorized distributors.  Please
refer to the applicable agreement for further details, at
https://fpgasoftware.intel.com/eula.



+-------------------------------------------------------------------------------+
; Analysis & Synthesis Summary                                                  ;
+---------------------------------+---------------------------------------------+
; Analysis & Synthesis Status     ; Successful - Sun Apr 13 18:23:10 2025       ;
; Quartus Prime Version           ; 20.1.1 Build 720 11/11/2020 SJ Lite Edition ;
; Revision Name                   ; ESM                                         ;
; Top-level Entity Name           ; ESM                                         ;
; Family                          ; Cyclone V                                   ;
; Logic utilization (in ALMs)     ; N/A                                         ;
; Total registers                 ; 1388                                        ;
; Total pins                      ; 68                                          ;
; Total virtual pins              ; 0                                           ;
; Total block memory bits         ; 512                                         ;
; Total DSP Blocks                ; 0                                           ;
; Total HSSI RX PCSs              ; 0                                           ;
; Total HSSI PMA RX Deserializers ; 0                                           ;
; Total HSSI TX PCSs              ; 0                                           ;
; Total HSSI PMA TX Serializers   ; 0                                           ;
; Total PLLs                      ; 0                                           ;
; Total DLLs                      ; 0                                           ;
+---------------------------------+---------------------------------------------+


+---------------------------------------------------------------------------------------------------------------------------+
; Analysis & Synthesis Settings                                                                                             ;
+---------------------------------------------------------------------------------+--------------------+--------------------+
; Option                                                                          ; Setting            ; Default Value      ;
+---------------------------------------------------------------------------------+--------------------+--------------------+
; Device                                                                          ; 5CGXFC7C7F23C8     ;                    ;
; Top-level entity name                                                           ; ESM                ; ESM                ;
; Family name                                                                     ; Cyclone V          ; Cyclone V          ;
; Use smart compilation                                                           ; Off                ; Off                ;
; Enable parallel Assembler and Timing Analyzer during compilation                ; On                 ; On                 ;
; Enable compact report table                                                     ; Off                ; Off                ;
; Restructure Multiplexers                                                        ; Auto               ; Auto               ;
; MLAB Add Timing Constraints For Mixed-Port Feed-Through Mode Setting Don't Care ; Off                ; Off                ;
; Create Debugging Nodes for IP Cores                                             ; Off                ; Off                ;
; Preserve fewer node names                                                       ; On                 ; On                 ;
; Intel FPGA IP Evaluation Mode                                                   ; Enable             ; Enable             ;
; Verilog Version                                                                 ; Verilog_2001       ; Verilog_2001       ;
; VHDL Version                                                                    ; VHDL_1993          ; VHDL_1993          ;
; State Machine Processing                                                        ; Auto               ; Auto               ;
; Safe State Machine                                                              ; Off                ; Off                ;
; Extract Verilog State Machines                                                  ; On                 ; On                 ;
; Extract VHDL State Machines                                                     ; On                 ; On                 ;
; Ignore Verilog initial constructs                                               ; Off                ; Off                ;
; Iteration limit for constant Verilog loops                                      ; 5000               ; 5000               ;
; Iteration limit for non-constant Verilog loops                                  ; 250                ; 250                ;
; Add Pass-Through Logic to Inferred RAMs                                         ; On                 ; On                 ;
; Infer RAMs from Raw Logic                                                       ; On                 ; On                 ;
; Parallel Synthesis                                                              ; On                 ; On                 ;
; DSP Block Balancing                                                             ; Auto               ; Auto               ;
; NOT Gate Push-Back                                                              ; On                 ; On                 ;
; Power-Up Don't Care                                                             ; On                 ; On                 ;
; Remove Redundant Logic Cells                                                    ; Off                ; Off                ;
; Remove Duplicate Registers                                                      ; On                 ; On                 ;
; Ignore CARRY Buffers                                                            ; Off                ; Off                ;
; Ignore CASCADE Buffers                                                          ; Off                ; Off                ;
; Ignore GLOBAL Buffers                                                           ; Off                ; Off                ;
; Ignore ROW GLOBAL Buffers                                                       ; Off                ; Off                ;
; Ignore LCELL Buffers                                                            ; Off                ; Off                ;
; Ignore SOFT Buffers                                                             ; On                 ; On                 ;
; Limit AHDL Integers to 32 Bits                                                  ; Off                ; Off                ;
; Optimization Technique                                                          ; Balanced           ; Balanced           ;
; Carry Chain Length                                                              ; 70                 ; 70                 ;
; Auto Carry Chains                                                               ; On                 ; On                 ;
; Auto Open-Drain Pins                                                            ; On                 ; On                 ;
; Perform WYSIWYG Primitive Resynthesis                                           ; Off                ; Off                ;
; Auto ROM Replacement                                                            ; On                 ; On                 ;
; Auto RAM Replacement                                                            ; On                 ; On                 ;
; Auto DSP Block Replacement                                                      ; On                 ; On                 ;
; Auto Shift Register Replacement                                                 ; Auto               ; Auto               ;
; Allow Shift Register Merging across Hierarchies                                 ; Auto               ; Auto               ;
; Auto Clock Enable Replacement                                                   ; On                 ; On                 ;
; Strict RAM Replacement                                                          ; Off                ; Off                ;
; Allow Synchronous Control Signals                                               ; On                 ; On                 ;
; Force Use of Synchronous Clear Signals                                          ; Off                ; Off                ;
; Auto Resource Sharing                                                           ; Off                ; Off                ;
; Allow Any RAM Size For Recognition                                              ; Off                ; Off                ;
; Allow Any ROM Size For Recognition                                              ; Off                ; Off                ;
; Allow Any Shift Register Size For Recognition                                   ; Off                ; Off                ;
; Use LogicLock Constraints during Resource Balancing                             ; On                 ; On                 ;
; Ignore translate_off and synthesis_off directives                               ; Off                ; Off                ;
; Timing-Driven Synthesis                                                         ; On                 ; On                 ;
; Report Parameter Settings                                                       ; On                 ; On                 ;
; Report Source Assignments                                                       ; On                 ; On                 ;
; Report Connectivity Checks                                                      ; On                 ; On                 ;
; Ignore Maximum Fan-Out Assignments                                              ; Off                ; Off                ;
; Synchronization Register Chain Length                                           ; 3                  ; 3                  ;
; Power Optimization During Synthesis                                             ; Normal compilation ; Normal compilation ;
; HDL message level                                                               ; Level2             ; Level2             ;
; Suppress Register Optimization Related Messages                                 ; Off                ; Off                ;
; Number of Removed Registers Reported in Synthesis Report                        ; 5000               ; 5000               ;
; Number of Swept Nodes Reported in Synthesis Report                              ; 5000               ; 5000               ;
; Number of Inverted Registers Reported in Synthesis Report                       ; 100                ; 100                ;
; Clock MUX Protection                                                            ; On                 ; On                 ;
; Auto Gated Clock Conversion                                                     ; Off                ; Off                ;
; Block Design Naming                                                             ; Auto               ; Auto               ;
; SDC constraint protection                                                       ; Off                ; Off                ;
; Synthesis Effort                                                                ; Auto               ; Auto               ;
; Shift Register Replacement - Allow Asynchronous Clear Signal                    ; On                 ; On                 ;
; Pre-Mapping Resynthesis Optimization                                            ; Off                ; Off                ;
; Analysis & Synthesis Message Level                                              ; Medium             ; Medium             ;
; Disable Register Merging Across Hierarchies                                     ; Auto               ; Auto               ;
; Resource Aware Inference For Block RAM                                          ; On                 ; On                 ;
; Automatic Parallel Synthesis                                                    ; On                 ; On                 ;
; Partial Reconfiguration Bitstream ID                                            ; Off                ; Off                ;
+---------------------------------------------------------------------------------+--------------------+--------------------+


+------------------------------------------+
; Parallel Compilation                     ;
+----------------------------+-------------+
; Processors                 ; Number      ;
+----------------------------+-------------+
; Number detected on machine ; 8           ;
; Maximum allowed            ; 4           ;
;                            ;             ;
; Average used               ; 1.00        ;
; Maximum used               ; 4           ;
;                            ;             ;
; Usage by Processor         ; % Time Used ;
;     Processor 1            ; 100.0%      ;
;     Processor 2            ;   0.0%      ;
;     Processor 3            ;   0.0%      ;
;     Processor 4            ;   0.0%      ;
+----------------------------+-------------+


+-------------------------------------------------------------------------------------------------------------------------------------------------------------------------------------------------------+
; Analysis & Synthesis Source Files Read                                                                                                                                                                ;
+----------------------------------+-----------------+------------------------------+---------------------------------------------------------------------------------------------------------+---------+
; File Name with User-Entered Path ; Used in Netlist ; File Type                    ; File Name with Absolute Path                                                                            ; Library ;
+----------------------------------+-----------------+------------------------------+---------------------------------------------------------------------------------------------------------+---------+
; ESM.v                            ; yes             ; User Verilog HDL File        ; C:/Users/nawaz/OneDrive/Desktop/programing/verilog/ESM_MODULE/ESM_MODULE/ESM.v                          ;         ;
; components/InstructionBuffer.v   ; yes             ; User Verilog HDL File        ; C:/Users/nawaz/OneDrive/Desktop/programing/verilog/ESM_MODULE/ESM_MODULE/components/InstructionBuffer.v ;         ;
; components/ESM_Core.v            ; yes             ; User Verilog HDL File        ; C:/Users/nawaz/OneDrive/Desktop/programing/verilog/ESM_MODULE/ESM_MODULE/components/ESM_Core.v          ;         ;
; components/ESM_Core_IDA.v        ; yes             ; User Verilog HDL File        ; C:/Users/nawaz/OneDrive/Desktop/programing/verilog/ESM_MODULE/ESM_MODULE/components/ESM_Core_IDA.v      ;         ;
; components/IRT.v                 ; yes             ; User Verilog HDL File        ; C:/Users/nawaz/OneDrive/Desktop/programing/verilog/ESM_MODULE/ESM_MODULE/components/IRT.v               ;         ;
; components/IDT.v                 ; yes             ; User Verilog HDL File        ; C:/Users/nawaz/OneDrive/Desktop/programing/verilog/ESM_MODULE/ESM_MODULE/components/IDT.v               ;         ;
; components/BufferValidator.v     ; yes             ; User Verilog HDL File        ; C:/Users/nawaz/OneDrive/Desktop/programing/verilog/ESM_MODULE/ESM_MODULE/components/BufferValidator.v   ;         ;
; components/ESM_Core_IIM.v        ; yes             ; User Verilog HDL File        ; C:/Users/nawaz/OneDrive/Desktop/programing/verilog/ESM_MODULE/ESM_MODULE/components/ESM_Core_IIM.v      ;         ;
; components/CandidateList.v       ; yes             ; User Verilog HDL File        ; C:/Users/nawaz/OneDrive/Desktop/programing/verilog/ESM_MODULE/ESM_MODULE/components/CandidateList.v     ;         ;
; components/MappingTable.v        ; yes             ; User Verilog HDL File        ; C:/Users/nawaz/OneDrive/Desktop/programing/verilog/ESM_MODULE/ESM_MODULE/components/MappingTable.v      ;         ;
; components/PRNG.v                ; yes             ; User Verilog HDL File        ; C:/Users/nawaz/OneDrive/Desktop/programing/verilog/ESM_MODULE/ESM_MODULE/components/PRNG.v              ;         ;
; components/Synchronizer.v        ; yes             ; User Verilog HDL File        ; C:/Users/nawaz/OneDrive/Desktop/programing/verilog/ESM_MODULE/ESM_MODULE/components/Synchronizer.v      ;         ;
; altsyncram.tdf                   ; yes             ; Megafunction                 ; c:/intelfpga_lite/20.1/quartus/libraries/megafunctions/altsyncram.tdf                                   ;         ;
; stratix_ram_block.inc            ; yes             ; Megafunction                 ; c:/intelfpga_lite/20.1/quartus/libraries/megafunctions/stratix_ram_block.inc                            ;         ;
; lpm_mux.inc                      ; yes             ; Megafunction                 ; c:/intelfpga_lite/20.1/quartus/libraries/megafunctions/lpm_mux.inc                                      ;         ;
; lpm_decode.inc                   ; yes             ; Megafunction                 ; c:/intelfpga_lite/20.1/quartus/libraries/megafunctions/lpm_decode.inc                                   ;         ;
; aglobal201.inc                   ; yes             ; Megafunction                 ; c:/intelfpga_lite/20.1/quartus/libraries/megafunctions/aglobal201.inc                                   ;         ;
; a_rdenreg.inc                    ; yes             ; Megafunction                 ; c:/intelfpga_lite/20.1/quartus/libraries/megafunctions/a_rdenreg.inc                                    ;         ;
; altrom.inc                       ; yes             ; Megafunction                 ; c:/intelfpga_lite/20.1/quartus/libraries/megafunctions/altrom.inc                                       ;         ;
; altram.inc                       ; yes             ; Megafunction                 ; c:/intelfpga_lite/20.1/quartus/libraries/megafunctions/altram.inc                                       ;         ;
; altdpram.inc                     ; yes             ; Megafunction                 ; c:/intelfpga_lite/20.1/quartus/libraries/megafunctions/altdpram.inc                                     ;         ;
; db/altsyncram_03n1.tdf           ; yes             ; Auto-Generated Megafunction  ; C:/Users/nawaz/OneDrive/Desktop/programing/verilog/ESM_MODULE/ESM_MODULE/db/altsyncram_03n1.tdf         ;         ;
; lpm_divide.tdf                   ; yes             ; Megafunction                 ; c:/intelfpga_lite/20.1/quartus/libraries/megafunctions/lpm_divide.tdf                                   ;         ;
; abs_divider.inc                  ; yes             ; Megafunction                 ; c:/intelfpga_lite/20.1/quartus/libraries/megafunctions/abs_divider.inc                                  ;         ;
; sign_div_unsign.inc              ; yes             ; Megafunction                 ; c:/intelfpga_lite/20.1/quartus/libraries/megafunctions/sign_div_unsign.inc                              ;         ;
; db/lpm_divide_l3m.tdf            ; yes             ; Auto-Generated Megafunction  ; C:/Users/nawaz/OneDrive/Desktop/programing/verilog/ESM_MODULE/ESM_MODULE/db/lpm_divide_l3m.tdf          ;         ;
; db/sign_div_unsign_olh.tdf       ; yes             ; Auto-Generated Megafunction  ; C:/Users/nawaz/OneDrive/Desktop/programing/verilog/ESM_MODULE/ESM_MODULE/db/sign_div_unsign_olh.tdf     ;         ;
; db/alt_u_div_mve.tdf             ; yes             ; Auto-Generated Megafunction  ; C:/Users/nawaz/OneDrive/Desktop/programing/verilog/ESM_MODULE/ESM_MODULE/db/alt_u_div_mve.tdf           ;         ;
+----------------------------------+-----------------+------------------------------+---------------------------------------------------------------------------------------------------------+---------+


+---------------------------------------------------------+
; Analysis & Synthesis Resource Usage Summary             ;
+---------------------------------------------+-----------+
; Resource                                    ; Usage     ;
+---------------------------------------------+-----------+
; Estimate of Logic utilization (ALMs needed) ; 1477      ;
;                                             ;           ;
; Combinational ALUT usage for logic          ; 2009      ;
;     -- 7 input functions                    ; 49        ;
;     -- 6 input functions                    ; 788       ;
;     -- 5 input functions                    ; 460       ;
;     -- 4 input functions                    ; 319       ;
;     -- <=3 input functions                  ; 393       ;
;                                             ;           ;
; Dedicated logic registers                   ; 1388      ;
;                                             ;           ;
; I/O pins                                    ; 68        ;
; Total MLAB memory bits                      ; 0         ;
; Total block memory bits                     ; 512       ;
;                                             ;           ;
; Total DSP Blocks                            ; 0         ;
;                                             ;           ;
; Maximum fan-out node                        ; clk~input ;
; Maximum fan-out                             ; 1420      ;
; Total fan-out                               ; 15034     ;
; Average fan-out                             ; 4.22      ;
+---------------------------------------------+-----------+


+----------------------------------------------------------------------------------------------------------------------------------------------------------------------------------------------------------------------------------------------------------------------------------------------------------------------------------------------------------------+
; Analysis & Synthesis Resource Utilization by Entity                                                                                                                                                                                                                                                                                                            ;
+-------------------------------------------------+---------------------+---------------------------+-------------------+------------+------+--------------+----------------------------------------------------------------------------------------------------------------------------------------------------------------+---------------------+--------------+
; Compilation Hierarchy Node                      ; Combinational ALUTs ; Dedicated Logic Registers ; Block Memory Bits ; DSP Blocks ; Pins ; Virtual Pins ; Full Hierarchy Name                                                                                                                                            ; Entity Name         ; Library Name ;
+-------------------------------------------------+---------------------+---------------------------+-------------------+------------+------+--------------+----------------------------------------------------------------------------------------------------------------------------------------------------------------+---------------------+--------------+
; |ESM                                            ; 2009 (39)           ; 1388 (4)                  ; 512               ; 0          ; 68   ; 0            ; |ESM                                                                                                                                                           ; ESM                 ; work         ;
;    |BufferValidator:Validator|                  ; 0 (0)               ; 16 (16)                   ; 0                 ; 0          ; 0    ; 0            ; |ESM|BufferValidator:Validator                                                                                                                                 ; BufferValidator     ; work         ;
;    |ESM_Core:Core|                              ; 1970 (0)            ; 1368 (0)                  ; 0                 ; 0          ; 0    ; 0            ; |ESM|ESM_Core:Core                                                                                                                                             ; ESM_Core            ; work         ;
;       |ESM_Core_IDA:IDA|                        ; 1189 (10)           ; 1248 (0)                  ; 0                 ; 0          ; 0    ; 0            ; |ESM|ESM_Core:Core|ESM_Core_IDA:IDA                                                                                                                            ; ESM_Core_IDA        ; work         ;
;          |IDT:idt_table|                        ; 381 (381)           ; 240 (240)                 ; 0                 ; 0          ; 0    ; 0            ; |ESM|ESM_Core:Core|ESM_Core_IDA:IDA|IDT:idt_table                                                                                                              ; IDT                 ; work         ;
;          |IRT:irt_table|                        ; 798 (798)           ; 992 (992)                 ; 0                 ; 0          ; 0    ; 0            ; |ESM|ESM_Core:Core|ESM_Core_IDA:IDA|IRT:irt_table                                                                                                              ; IRT                 ; work         ;
;          |Synchronizer:synchronizer_2|          ; 0 (0)               ; 16 (16)                   ; 0                 ; 0          ; 0    ; 0            ; |ESM|ESM_Core:Core|ESM_Core_IDA:IDA|Synchronizer:synchronizer_2                                                                                                ; Synchronizer        ; work         ;
;       |ESM_Core_IIM:IIM|                        ; 781 (0)             ; 120 (0)                   ; 0                 ; 0          ; 0    ; 0            ; |ESM|ESM_Core:Core|ESM_Core_IIM:IIM                                                                                                                            ; ESM_Core_IIM        ; work         ;
;          |CandidateList:list|                   ; 0 (0)               ; 16 (16)                   ; 0                 ; 0          ; 0    ; 0            ; |ESM|ESM_Core:Core|ESM_Core_IIM:IIM|CandidateList:list                                                                                                         ; CandidateList       ; work         ;
;          |MappingTable:mapping_table|           ; 746 (419)           ; 64 (64)                   ; 0                 ; 0          ; 0    ; 0            ; |ESM|ESM_Core:Core|ESM_Core_IIM:IIM|MappingTable:mapping_table                                                                                                 ; MappingTable        ; work         ;
;             |lpm_divide:Mod0|                   ; 327 (0)             ; 0 (0)                     ; 0                 ; 0          ; 0    ; 0            ; |ESM|ESM_Core:Core|ESM_Core_IIM:IIM|MappingTable:mapping_table|lpm_divide:Mod0                                                                                 ; lpm_divide          ; work         ;
;                |lpm_divide_l3m:auto_generated|  ; 327 (0)             ; 0 (0)                     ; 0                 ; 0          ; 0    ; 0            ; |ESM|ESM_Core:Core|ESM_Core_IIM:IIM|MappingTable:mapping_table|lpm_divide:Mod0|lpm_divide_l3m:auto_generated                                                   ; lpm_divide_l3m      ; work         ;
;                   |sign_div_unsign_olh:divider| ; 327 (0)             ; 0 (0)                     ; 0                 ; 0          ; 0    ; 0            ; |ESM|ESM_Core:Core|ESM_Core_IIM:IIM|MappingTable:mapping_table|lpm_divide:Mod0|lpm_divide_l3m:auto_generated|sign_div_unsign_olh:divider                       ; sign_div_unsign_olh ; work         ;
;                      |alt_u_div_mve:divider|    ; 327 (327)           ; 0 (0)                     ; 0                 ; 0          ; 0    ; 0            ; |ESM|ESM_Core:Core|ESM_Core_IIM:IIM|MappingTable:mapping_table|lpm_divide:Mod0|lpm_divide_l3m:auto_generated|sign_div_unsign_olh:divider|alt_u_div_mve:divider ; alt_u_div_mve       ; work         ;
;          |PRNG:prng|                            ; 35 (35)             ; 32 (32)                   ; 0                 ; 0          ; 0    ; 0            ; |ESM|ESM_Core:Core|ESM_Core_IIM:IIM|PRNG:prng                                                                                                                  ; PRNG                ; work         ;
;          |Synchronizer:synchronizer_1|          ; 0 (0)               ; 4 (4)                     ; 0                 ; 0          ; 0    ; 0            ; |ESM|ESM_Core:Core|ESM_Core_IIM:IIM|Synchronizer:synchronizer_1                                                                                                ; Synchronizer        ; work         ;
;          |Synchronizer:synchronizer_2|          ; 0 (0)               ; 4 (4)                     ; 0                 ; 0          ; 0    ; 0            ; |ESM|ESM_Core:Core|ESM_Core_IIM:IIM|Synchronizer:synchronizer_2                                                                                                ; Synchronizer        ; work         ;
;    |InstructionBuffer:Buffer|                   ; 0 (0)               ; 0 (0)                     ; 512               ; 0          ; 0    ; 0            ; |ESM|InstructionBuffer:Buffer                                                                                                                                  ; InstructionBuffer   ; work         ;
;       |altsyncram:Instr_buffer_rtl_0|           ; 0 (0)               ; 0 (0)                     ; 512               ; 0          ; 0    ; 0            ; |ESM|InstructionBuffer:Buffer|altsyncram:Instr_buffer_rtl_0                                                                                                    ; altsyncram          ; work         ;
;          |altsyncram_03n1:auto_generated|       ; 0 (0)               ; 0 (0)                     ; 512               ; 0          ; 0    ; 0            ; |ESM|InstructionBuffer:Buffer|altsyncram:Instr_buffer_rtl_0|altsyncram_03n1:auto_generated                                                                     ; altsyncram_03n1     ; work         ;
+-------------------------------------------------+---------------------+---------------------------+-------------------+------------+------+--------------+----------------------------------------------------------------------------------------------------------------------------------------------------------------+---------------------+--------------+
Note: For table entries with two numbers listed, the numbers in parentheses indicate the number of resources of the given type used by the specific entity alone. The numbers listed outside of parentheses indicate the total resources of the given type used by the specific entity and all of its sub-entities in the hierarchy.


+------------------------------------------------------------------------------------------------------------------------------------------------------------------------------------------------------+
; Analysis & Synthesis RAM Summary                                                                                                                                                                     ;
+--------------------------------------------------------------------------------------------------+------+------------------+--------------+--------------+--------------+--------------+------+------+
; Name                                                                                             ; Type ; Mode             ; Port A Depth ; Port A Width ; Port B Depth ; Port B Width ; Size ; MIF  ;
+--------------------------------------------------------------------------------------------------+------+------------------+--------------+--------------+--------------+--------------+------+------+
; InstructionBuffer:Buffer|altsyncram:Instr_buffer_rtl_0|altsyncram_03n1:auto_generated|ALTSYNCRAM ; AUTO ; Simple Dual Port ; 16           ; 32           ; 16           ; 32           ; 512  ; None ;
+--------------------------------------------------------------------------------------------------+------+------------------+--------------+--------------+--------------+--------------+------+------+


+---------------------------------------------------------------------------------------------------------------------------------------------------+
; Registers Removed During Synthesis                                                                                                                ;
+-------------------------------------------------------------------+-------------------------------------------------------------------------------+
; Register name                                                     ; Reason for Removal                                                            ;
+-------------------------------------------------------------------+-------------------------------------------------------------------------------+
; ESM_Core:Core|ESM_Core_IDA:IDA|IDT:idt_table|idt[0][0]            ; Stuck at GND due to stuck port data_in                                        ;
; ESM_Core:Core|ESM_Core_IDA:IDA|IDT:idt_table|idt[1][1]            ; Stuck at GND due to stuck port data_in                                        ;
; ESM_Core:Core|ESM_Core_IDA:IDA|IDT:idt_table|idt[2][2]            ; Stuck at GND due to stuck port data_in                                        ;
; ESM_Core:Core|ESM_Core_IDA:IDA|IDT:idt_table|idt[3][3]            ; Stuck at GND due to stuck port data_in                                        ;
; ESM_Core:Core|ESM_Core_IDA:IDA|IDT:idt_table|idt[4][4]            ; Stuck at GND due to stuck port data_in                                        ;
; ESM_Core:Core|ESM_Core_IDA:IDA|IDT:idt_table|idt[5][5]            ; Stuck at GND due to stuck port data_in                                        ;
; ESM_Core:Core|ESM_Core_IDA:IDA|IDT:idt_table|idt[6][6]            ; Stuck at GND due to stuck port data_in                                        ;
; ESM_Core:Core|ESM_Core_IDA:IDA|IDT:idt_table|idt[7][7]            ; Stuck at GND due to stuck port data_in                                        ;
; ESM_Core:Core|ESM_Core_IDA:IDA|IDT:idt_table|idt[8][8]            ; Stuck at GND due to stuck port data_in                                        ;
; ESM_Core:Core|ESM_Core_IDA:IDA|IDT:idt_table|idt[9][9]            ; Stuck at GND due to stuck port data_in                                        ;
; ESM_Core:Core|ESM_Core_IDA:IDA|IDT:idt_table|idt[10][10]          ; Stuck at GND due to stuck port data_in                                        ;
; ESM_Core:Core|ESM_Core_IDA:IDA|IDT:idt_table|idt[11][11]          ; Stuck at GND due to stuck port data_in                                        ;
; ESM_Core:Core|ESM_Core_IDA:IDA|IDT:idt_table|idt[12][12]          ; Stuck at GND due to stuck port data_in                                        ;
; ESM_Core:Core|ESM_Core_IDA:IDA|IDT:idt_table|idt[13][13]          ; Stuck at GND due to stuck port data_in                                        ;
; ESM_Core:Core|ESM_Core_IDA:IDA|IDT:idt_table|idt[14][14]          ; Stuck at GND due to stuck port data_in                                        ;
; ESM_Core:Core|ESM_Core_IDA:IDA|IDT:idt_table|idt[15][15]          ; Stuck at GND due to stuck port data_in                                        ;
; ESM_Core:Core|ESM_Core_IDA:IDA|Synchronizer:synchronizer_1|out[0] ; Merged with ESM_Core:Core|ESM_Core_IIM:IIM|Synchronizer:synchronizer_1|out[0] ;
; ESM_Core:Core|ESM_Core_IDA:IDA|Synchronizer:synchronizer_1|out[1] ; Merged with ESM_Core:Core|ESM_Core_IIM:IIM|Synchronizer:synchronizer_1|out[1] ;
; ESM_Core:Core|ESM_Core_IDA:IDA|Synchronizer:synchronizer_1|out[2] ; Merged with ESM_Core:Core|ESM_Core_IIM:IIM|Synchronizer:synchronizer_1|out[2] ;
; ESM_Core:Core|ESM_Core_IDA:IDA|Synchronizer:synchronizer_1|out[3] ; Merged with ESM_Core:Core|ESM_Core_IIM:IIM|Synchronizer:synchronizer_1|out[3] ;
; ESM_Core:Core|ESM_Core_IDA:IDA|IRT:irt_table|IRT_RD[1][0]         ; Stuck at GND due to stuck port data_in                                        ;
; ESM_Core:Core|ESM_Core_IDA:IDA|IRT:irt_table|IRT_RD[2][0]         ; Stuck at GND due to stuck port data_in                                        ;
; ESM_Core:Core|ESM_Core_IDA:IDA|IRT:irt_table|IRT_RD[3][0]         ; Stuck at GND due to stuck port data_in                                        ;
; ESM_Core:Core|ESM_Core_IDA:IDA|IRT:irt_table|IRT_RD[4][0]         ; Stuck at GND due to stuck port data_in                                        ;
; ESM_Core:Core|ESM_Core_IDA:IDA|IRT:irt_table|IRT_RD[5][0]         ; Stuck at GND due to stuck port data_in                                        ;
; ESM_Core:Core|ESM_Core_IDA:IDA|IRT:irt_table|IRT_RD[6][0]         ; Stuck at GND due to stuck port data_in                                        ;
; ESM_Core:Core|ESM_Core_IDA:IDA|IRT:irt_table|IRT_RD[7][0]         ; Stuck at GND due to stuck port data_in                                        ;
; ESM_Core:Core|ESM_Core_IDA:IDA|IRT:irt_table|IRT_RD[8][0]         ; Stuck at GND due to stuck port data_in                                        ;
; ESM_Core:Core|ESM_Core_IDA:IDA|IRT:irt_table|IRT_RD[9][0]         ; Stuck at GND due to stuck port data_in                                        ;
; ESM_Core:Core|ESM_Core_IDA:IDA|IRT:irt_table|IRT_RD[10][0]        ; Stuck at GND due to stuck port data_in                                        ;
; ESM_Core:Core|ESM_Core_IDA:IDA|IRT:irt_table|IRT_RD[11][0]        ; Stuck at GND due to stuck port data_in                                        ;
; ESM_Core:Core|ESM_Core_IDA:IDA|IRT:irt_table|IRT_RD[12][0]        ; Stuck at GND due to stuck port data_in                                        ;
; ESM_Core:Core|ESM_Core_IDA:IDA|IRT:irt_table|IRT_RD[13][0]        ; Stuck at GND due to stuck port data_in                                        ;
; ESM_Core:Core|ESM_Core_IDA:IDA|IRT:irt_table|IRT_RD[14][0]        ; Stuck at GND due to stuck port data_in                                        ;
; ESM_Core:Core|ESM_Core_IDA:IDA|IRT:irt_table|IRT_RD[15][0]        ; Stuck at GND due to stuck port data_in                                        ;
; ESM_Core:Core|ESM_Core_IDA:IDA|IRT:irt_table|IRT_RD[0][0]         ; Stuck at GND due to stuck port data_in                                        ;
; ESM_Core:Core|ESM_Core_IDA:IDA|IRT:irt_table|IRT_RS[1][0]         ; Stuck at GND due to stuck port data_in                                        ;
; ESM_Core:Core|ESM_Core_IDA:IDA|IRT:irt_table|IRT_RS[2][0]         ; Stuck at GND due to stuck port data_in                                        ;
; ESM_Core:Core|ESM_Core_IDA:IDA|IRT:irt_table|IRT_RS[3][0]         ; Stuck at GND due to stuck port data_in                                        ;
; ESM_Core:Core|ESM_Core_IDA:IDA|IRT:irt_table|IRT_RS[4][0]         ; Stuck at GND due to stuck port data_in                                        ;
; ESM_Core:Core|ESM_Core_IDA:IDA|IRT:irt_table|IRT_RS[5][0]         ; Stuck at GND due to stuck port data_in                                        ;
; ESM_Core:Core|ESM_Core_IDA:IDA|IRT:irt_table|IRT_RS[6][0]         ; Stuck at GND due to stuck port data_in                                        ;
; ESM_Core:Core|ESM_Core_IDA:IDA|IRT:irt_table|IRT_RS[7][0]         ; Stuck at GND due to stuck port data_in                                        ;
; ESM_Core:Core|ESM_Core_IDA:IDA|IRT:irt_table|IRT_RS[8][0]         ; Stuck at GND due to stuck port data_in                                        ;
; ESM_Core:Core|ESM_Core_IDA:IDA|IRT:irt_table|IRT_RS[9][0]         ; Stuck at GND due to stuck port data_in                                        ;
; ESM_Core:Core|ESM_Core_IDA:IDA|IRT:irt_table|IRT_RS[10][0]        ; Stuck at GND due to stuck port data_in                                        ;
; ESM_Core:Core|ESM_Core_IDA:IDA|IRT:irt_table|IRT_RS[11][0]        ; Stuck at GND due to stuck port data_in                                        ;
; ESM_Core:Core|ESM_Core_IDA:IDA|IRT:irt_table|IRT_RS[12][0]        ; Stuck at GND due to stuck port data_in                                        ;
; ESM_Core:Core|ESM_Core_IDA:IDA|IRT:irt_table|IRT_RS[13][0]        ; Stuck at GND due to stuck port data_in                                        ;
; ESM_Core:Core|ESM_Core_IDA:IDA|IRT:irt_table|IRT_RS[14][0]        ; Stuck at GND due to stuck port data_in                                        ;
; ESM_Core:Core|ESM_Core_IDA:IDA|IRT:irt_table|IRT_RS[15][0]        ; Stuck at GND due to stuck port data_in                                        ;
; ESM_Core:Core|ESM_Core_IDA:IDA|IRT:irt_table|IRT_RS[0][0]         ; Stuck at GND due to stuck port data_in                                        ;
; Total Number of Removed Registers = 52                            ;                                                                               ;
+-------------------------------------------------------------------+-------------------------------------------------------------------------------+


+------------------------------------------------------+
; General Register Statistics                          ;
+----------------------------------------------+-------+
; Statistic                                    ; Value ;
+----------------------------------------------+-------+
; Total registers                              ; 1388  ;
; Number of registers using Synchronous Clear  ; 0     ;
; Number of registers using Synchronous Load   ; 0     ;
; Number of registers using Asynchronous Clear ; 1364  ;
; Number of registers using Asynchronous Load  ; 0     ;
; Number of registers using Clock Enable       ; 1008  ;
; Number of registers using Preset             ; 0     ;
+----------------------------------------------+-------+


+----------------------------------------------------------+
; Inverted Register Statistics                             ;
+------------------------------------------------+---------+
; Inverted Register                              ; Fan out ;
+------------------------------------------------+---------+
; ESM_Core:Core|ESM_Core_IIM:IIM|PRNG:prng|q[3]  ; 5       ;
; ESM_Core:Core|ESM_Core_IIM:IIM|PRNG:prng|q[1]  ; 4       ;
; ESM_Core:Core|ESM_Core_IIM:IIM|PRNG:prng|q[11] ; 2       ;
; ESM_Core:Core|ESM_Core_IIM:IIM|PRNG:prng|q[31] ; 1       ;
; ESM_Core:Core|ESM_Core_IIM:IIM|PRNG:prng|q[29] ; 2       ;
; ESM_Core:Core|ESM_Core_IIM:IIM|PRNG:prng|q[27] ; 2       ;
; ESM_Core:Core|ESM_Core_IIM:IIM|PRNG:prng|q[23] ; 2       ;
; ESM_Core:Core|ESM_Core_IIM:IIM|PRNG:prng|q[19] ; 2       ;
; ESM_Core:Core|ESM_Core_IIM:IIM|PRNG:prng|q[17] ; 2       ;
; ESM_Core:Core|ESM_Core_IIM:IIM|PRNG:prng|q[15] ; 2       ;
; ESM_Core:Core|ESM_Core_IIM:IIM|PRNG:prng|q[9]  ; 2       ;
; ESM_Core:Core|ESM_Core_IIM:IIM|PRNG:prng|q[13] ; 1       ;
; ESM_Core:Core|ESM_Core_IIM:IIM|PRNG:prng|q[25] ; 1       ;
; ESM_Core:Core|ESM_Core_IIM:IIM|PRNG:prng|q[21] ; 1       ;
; ESM_Core:Core|ESM_Core_IIM:IIM|PRNG:prng|q[7]  ; 1       ;
; ESM_Core:Core|ESM_Core_IIM:IIM|PRNG:prng|q[5]  ; 1       ;
; Total number of inverted registers = 16        ;         ;
+------------------------------------------------+---------+


+------------------------------------------------------------------------------------------------+
; Registers Packed Into Inferred Megafunctions                                                   ;
+-------------------------------------------+---------------------------------------------+------+
; Register Name                             ; Megafunction                                ; Type ;
+-------------------------------------------+---------------------------------------------+------+
; InstructionBuffer:Buffer|Instr_out[0..31] ; InstructionBuffer:Buffer|Instr_buffer_rtl_0 ; RAM  ;
+-------------------------------------------+---------------------------------------------+------+


+--------------------------------------------------------------------------------------------------------------------------------------------------------------------------------------------------+
; Multiplexer Restructuring Statistics (Restructuring Performed)                                                                                                                                   ;
+--------------------+-----------+---------------+----------------------+------------------------+------------+------------------------------------------------------------------------------------+
; Multiplexer Inputs ; Bus Width ; Baseline Area ; Area if Restructured ; Saving if Restructured ; Registered ; Example Multiplexer Output                                                         ;
+--------------------+-----------+---------------+----------------------+------------------------+------------+------------------------------------------------------------------------------------+
; 18:1               ; 4 bits    ; 48 LEs        ; 48 LEs               ; 0 LEs                  ; Yes        ; |ESM|buffer_index[1]                                                               ;
; 11:1               ; 2 bits    ; 14 LEs        ; 14 LEs               ; 0 LEs                  ; Yes        ; |ESM|ESM_Core:Core|ESM_Core_IIM:IIM|MappingTable:mapping_table|mapping_table[5][2] ;
; 11:1               ; 2 bits    ; 14 LEs        ; 14 LEs               ; 0 LEs                  ; Yes        ; |ESM|ESM_Core:Core|ESM_Core_IIM:IIM|MappingTable:mapping_table|mapping_table[6][2] ;
; 11:1               ; 2 bits    ; 14 LEs        ; 14 LEs               ; 0 LEs                  ; Yes        ; |ESM|ESM_Core:Core|ESM_Core_IIM:IIM|MappingTable:mapping_table|mapping_table[7][2] ;
; 3:1                ; 16 bits   ; 32 LEs        ; 32 LEs               ; 0 LEs                  ; No         ; |ESM|ESM_Core:Core|ESM_Core_IDA:IDA|IRT:irt_table|comb                             ;
; 3:1                ; 16 bits   ; 32 LEs        ; 32 LEs               ; 0 LEs                  ; No         ; |ESM|ESM_Core:Core|ESM_Core_IDA:IDA|IRT:irt_table|comb                             ;
; 3:1                ; 16 bits   ; 32 LEs        ; 32 LEs               ; 0 LEs                  ; No         ; |ESM|ESM_Core:Core|ESM_Core_IDA:IDA|IRT:irt_table|comb                             ;
; 3:1                ; 16 bits   ; 32 LEs        ; 32 LEs               ; 0 LEs                  ; No         ; |ESM|ESM_Core:Core|ESM_Core_IDA:IDA|IRT:irt_table|comb                             ;
; 3:1                ; 16 bits   ; 32 LEs        ; 32 LEs               ; 0 LEs                  ; No         ; |ESM|ESM_Core:Core|ESM_Core_IDA:IDA|IRT:irt_table|IRT_RD                           ;
; 3:1                ; 16 bits   ; 32 LEs        ; 32 LEs               ; 0 LEs                  ; No         ; |ESM|ESM_Core:Core|ESM_Core_IDA:IDA|IRT:irt_table|IRT_RD                           ;
; 32:1               ; 16 bits   ; 336 LEs       ; 336 LEs              ; 0 LEs                  ; No         ; |ESM|ESM_Core:Core|ESM_Core_IDA:IDA|IRT:irt_table|Mux32                            ;
; 32:1               ; 16 bits   ; 336 LEs       ; 336 LEs              ; 0 LEs                  ; No         ; |ESM|ESM_Core:Core|ESM_Core_IDA:IDA|IRT:irt_table|Mux37                            ;
; 34:1               ; 2 bits    ; 44 LEs        ; 44 LEs               ; 0 LEs                  ; No         ; |ESM|ESM_Core:Core|ESM_Core_IDA:IDA|IRT:irt_table|waw[0]                           ;
; 34:1               ; 2 bits    ; 44 LEs        ; 44 LEs               ; 0 LEs                  ; No         ; |ESM|ESM_Core:Core|ESM_Core_IDA:IDA|IRT:irt_table|war[1]                           ;
; 34:1               ; 2 bits    ; 44 LEs        ; 44 LEs               ; 0 LEs                  ; No         ; |ESM|ESM_Core:Core|ESM_Core_IDA:IDA|IRT:irt_table|waw[2]                           ;
; 34:1               ; 2 bits    ; 44 LEs        ; 44 LEs               ; 0 LEs                  ; No         ; |ESM|ESM_Core:Core|ESM_Core_IDA:IDA|IRT:irt_table|war[3]                           ;
; 34:1               ; 2 bits    ; 44 LEs        ; 44 LEs               ; 0 LEs                  ; No         ; |ESM|ESM_Core:Core|ESM_Core_IDA:IDA|IRT:irt_table|war[4]                           ;
; 34:1               ; 2 bits    ; 44 LEs        ; 44 LEs               ; 0 LEs                  ; No         ; |ESM|ESM_Core:Core|ESM_Core_IDA:IDA|IRT:irt_table|waw[5]                           ;
; 34:1               ; 2 bits    ; 44 LEs        ; 44 LEs               ; 0 LEs                  ; No         ; |ESM|ESM_Core:Core|ESM_Core_IDA:IDA|IRT:irt_table|waw[6]                           ;
; 34:1               ; 2 bits    ; 44 LEs        ; 44 LEs               ; 0 LEs                  ; No         ; |ESM|ESM_Core:Core|ESM_Core_IDA:IDA|IRT:irt_table|war[7]                           ;
; 34:1               ; 2 bits    ; 44 LEs        ; 44 LEs               ; 0 LEs                  ; No         ; |ESM|ESM_Core:Core|ESM_Core_IDA:IDA|IRT:irt_table|waw[8]                           ;
; 34:1               ; 2 bits    ; 44 LEs        ; 44 LEs               ; 0 LEs                  ; No         ; |ESM|ESM_Core:Core|ESM_Core_IDA:IDA|IRT:irt_table|war[9]                           ;
; 34:1               ; 2 bits    ; 44 LEs        ; 44 LEs               ; 0 LEs                  ; No         ; |ESM|ESM_Core:Core|ESM_Core_IDA:IDA|IRT:irt_table|war[10]                          ;
; 34:1               ; 2 bits    ; 44 LEs        ; 44 LEs               ; 0 LEs                  ; No         ; |ESM|ESM_Core:Core|ESM_Core_IDA:IDA|IRT:irt_table|war[11]                          ;
; 34:1               ; 2 bits    ; 44 LEs        ; 44 LEs               ; 0 LEs                  ; No         ; |ESM|ESM_Core:Core|ESM_Core_IDA:IDA|IRT:irt_table|war[12]                          ;
; 34:1               ; 2 bits    ; 44 LEs        ; 44 LEs               ; 0 LEs                  ; No         ; |ESM|ESM_Core:Core|ESM_Core_IDA:IDA|IRT:irt_table|war[13]                          ;
; 34:1               ; 2 bits    ; 44 LEs        ; 44 LEs               ; 0 LEs                  ; No         ; |ESM|ESM_Core:Core|ESM_Core_IDA:IDA|IRT:irt_table|war[14]                          ;
; 34:1               ; 2 bits    ; 44 LEs        ; 44 LEs               ; 0 LEs                  ; No         ; |ESM|ESM_Core:Core|ESM_Core_IDA:IDA|IRT:irt_table|war[15]                          ;
+--------------------+-----------+---------------+----------------------+------------------------+------------+------------------------------------------------------------------------------------+


+--------------------------------------------------------------------------------------------------------------+
; Source assignments for InstructionBuffer:Buffer|altsyncram:Instr_buffer_rtl_0|altsyncram_03n1:auto_generated ;
+---------------------------------+--------------------+------+------------------------------------------------+
; Assignment                      ; Value              ; From ; To                                             ;
+---------------------------------+--------------------+------+------------------------------------------------+
; OPTIMIZE_POWER_DURING_SYNTHESIS ; NORMAL_COMPILATION ; -    ; -                                              ;
+---------------------------------+--------------------+------+------------------------------------------------+


+---------------------------------------------------------------------+
; Parameter Settings for User Entity Instance: Top-level Entity: |ESM ;
+-----------------------+-------+-------------------------------------+
; Parameter Name        ; Value ; Type                                ;
+-----------------------+-------+-------------------------------------+
; Instruction_word_size ; 32    ; Signed Integer                      ;
; bs                    ; 16    ; Signed Integer                      ;
; regnum                ; 32    ; Signed Integer                      ;
+-----------------------+-------+-------------------------------------+
Note: In order to hide this table in the UI and the text report file, please set the "Show Parameter Settings in Synthesis Report" option in "Analysis and Synthesis Settings -> More Settings" to "Off".


+-----------------------------------------------------------------------+
; Parameter Settings for User Entity Instance: InstructionBuffer:Buffer ;
+-----------------+-------+---------------------------------------------+
; Parameter Name  ; Value ; Type                                        ;
+-----------------+-------+---------------------------------------------+
; Instr_word_size ; 32    ; Signed Integer                              ;
; bs              ; 16    ; Signed Integer                              ;
+-----------------+-------+---------------------------------------------+
Note: In order to hide this table in the UI and the text report file, please set the "Show Parameter Settings in Synthesis Report" option in "Analysis and Synthesis Settings -> More Settings" to "Off".


+------------------------------------------------------------+
; Parameter Settings for User Entity Instance: ESM_Core:Core ;
+-----------------------+-------+----------------------------+
; Parameter Name        ; Value ; Type                       ;
+-----------------------+-------+----------------------------+
; Instruction_word_size ; 32    ; Signed Integer             ;
; bs                    ; 16    ; Signed Integer             ;
; regnum                ; 32    ; Signed Integer             ;
+-----------------------+-------+----------------------------+
Note: In order to hide this table in the UI and the text report file, please set the "Show Parameter Settings in Synthesis Report" option in "Analysis and Synthesis Settings -> More Settings" to "Off".


+-----------------------------------------------------------------------------+
; Parameter Settings for User Entity Instance: ESM_Core:Core|ESM_Core_IDA:IDA ;
+-----------------------+-------+---------------------------------------------+
; Parameter Name        ; Value ; Type                                        ;
+-----------------------+-------+---------------------------------------------+
; Instruction_word_size ; 32    ; Signed Integer                              ;
; bs                    ; 16    ; Signed Integer                              ;
; regnum                ; 32    ; Signed Integer                              ;
+-----------------------+-------+---------------------------------------------+
Note: In order to hide this table in the UI and the text report file, please set the "Show Parameter Settings in Synthesis Report" option in "Analysis and Synthesis Settings -> More Settings" to "Off".


+---------------------------------------------------------------------------------------------------------+
; Parameter Settings for User Entity Instance: ESM_Core:Core|ESM_Core_IDA:IDA|Synchronizer:synchronizer_1 ;
+----------------+-------+--------------------------------------------------------------------------------+
; Parameter Name ; Value ; Type                                                                           ;
+----------------+-------+--------------------------------------------------------------------------------+
; width          ; 4     ; Signed Integer                                                                 ;
+----------------+-------+--------------------------------------------------------------------------------+
Note: In order to hide this table in the UI and the text report file, please set the "Show Parameter Settings in Synthesis Report" option in "Analysis and Synthesis Settings -> More Settings" to "Off".


+---------------------------------------------------------------------------------------------------------+
; Parameter Settings for User Entity Instance: ESM_Core:Core|ESM_Core_IDA:IDA|Synchronizer:synchronizer_2 ;
+----------------+-------+--------------------------------------------------------------------------------+
; Parameter Name ; Value ; Type                                                                           ;
+----------------+-------+--------------------------------------------------------------------------------+
; width          ; 16    ; Signed Integer                                                                 ;
+----------------+-------+--------------------------------------------------------------------------------+
Note: In order to hide this table in the UI and the text report file, please set the "Show Parameter Settings in Synthesis Report" option in "Analysis and Synthesis Settings -> More Settings" to "Off".


+-------------------------------------------------------------------------------------------+
; Parameter Settings for User Entity Instance: ESM_Core:Core|ESM_Core_IDA:IDA|IRT:irt_table ;
+----------------+-------+------------------------------------------------------------------+
; Parameter Name ; Value ; Type                                                             ;
+----------------+-------+------------------------------------------------------------------+
; bs             ; 16    ; Signed Integer                                                   ;
; regnum         ; 32    ; Signed Integer                                                   ;
+----------------+-------+------------------------------------------------------------------+
Note: In order to hide this table in the UI and the text report file, please set the "Show Parameter Settings in Synthesis Report" option in "Analysis and Synthesis Settings -> More Settings" to "Off".


+-------------------------------------------------------------------------------------------+
; Parameter Settings for User Entity Instance: ESM_Core:Core|ESM_Core_IDA:IDA|IDT:idt_table ;
+----------------+-------+------------------------------------------------------------------+
; Parameter Name ; Value ; Type                                                             ;
+----------------+-------+------------------------------------------------------------------+
; bs             ; 16    ; Signed Integer                                                   ;
+----------------+-------+------------------------------------------------------------------+
Note: In order to hide this table in the UI and the text report file, please set the "Show Parameter Settings in Synthesis Report" option in "Analysis and Synthesis Settings -> More Settings" to "Off".


+-----------------------------------------------------------------------------+
; Parameter Settings for User Entity Instance: ESM_Core:Core|ESM_Core_IIM:IIM ;
+----------------+-------+----------------------------------------------------+
; Parameter Name ; Value ; Type                                               ;
+----------------+-------+----------------------------------------------------+
; bs             ; 16    ; Signed Integer                                     ;
+----------------+-------+----------------------------------------------------+
Note: In order to hide this table in the UI and the text report file, please set the "Show Parameter Settings in Synthesis Report" option in "Analysis and Synthesis Settings -> More Settings" to "Off".


+---------------------------------------------------------------------------------------------------------+
; Parameter Settings for User Entity Instance: ESM_Core:Core|ESM_Core_IIM:IIM|Synchronizer:synchronizer_1 ;
+----------------+-------+--------------------------------------------------------------------------------+
; Parameter Name ; Value ; Type                                                                           ;
+----------------+-------+--------------------------------------------------------------------------------+
; width          ; 4     ; Signed Integer                                                                 ;
+----------------+-------+--------------------------------------------------------------------------------+
Note: In order to hide this table in the UI and the text report file, please set the "Show Parameter Settings in Synthesis Report" option in "Analysis and Synthesis Settings -> More Settings" to "Off".


+---------------------------------------------------------------------------------------------------------+
; Parameter Settings for User Entity Instance: ESM_Core:Core|ESM_Core_IIM:IIM|Synchronizer:synchronizer_2 ;
+----------------+-------+--------------------------------------------------------------------------------+
; Parameter Name ; Value ; Type                                                                           ;
+----------------+-------+--------------------------------------------------------------------------------+
; width          ; 4     ; Signed Integer                                                                 ;
+----------------+-------+--------------------------------------------------------------------------------+
Note: In order to hide this table in the UI and the text report file, please set the "Show Parameter Settings in Synthesis Report" option in "Analysis and Synthesis Settings -> More Settings" to "Off".


+------------------------------------------------------------------------------------------------+
; Parameter Settings for User Entity Instance: ESM_Core:Core|ESM_Core_IIM:IIM|CandidateList:list ;
+----------------+-------+-----------------------------------------------------------------------+
; Parameter Name ; Value ; Type                                                                  ;
+----------------+-------+-----------------------------------------------------------------------+
; bs             ; 16    ; Signed Integer                                                        ;
+----------------+-------+-----------------------------------------------------------------------+
Note: In order to hide this table in the UI and the text report file, please set the "Show Parameter Settings in Synthesis Report" option in "Analysis and Synthesis Settings -> More Settings" to "Off".


+--------------------------------------------------------------------------------------------------------+
; Parameter Settings for User Entity Instance: ESM_Core:Core|ESM_Core_IIM:IIM|MappingTable:mapping_table ;
+----------------+-------+-------------------------------------------------------------------------------+
; Parameter Name ; Value ; Type                                                                          ;
+----------------+-------+-------------------------------------------------------------------------------+
; bs             ; 16    ; Signed Integer                                                                ;
+----------------+-------+-------------------------------------------------------------------------------+
Note: In order to hide this table in the UI and the text report file, please set the "Show Parameter Settings in Synthesis Report" option in "Analysis and Synthesis Settings -> More Settings" to "Off".


+---------------------------------------------------------------------------------------+
; Parameter Settings for User Entity Instance: ESM_Core:Core|ESM_Core_IIM:IIM|PRNG:prng ;
+----------------+-------+--------------------------------------------------------------+
; Parameter Name ; Value ; Type                                                         ;
+----------------+-------+--------------------------------------------------------------+
; bs             ; 16    ; Signed Integer                                               ;
+----------------+-------+--------------------------------------------------------------+
Note: In order to hide this table in the UI and the text report file, please set the "Show Parameter Settings in Synthesis Report" option in "Analysis and Synthesis Settings -> More Settings" to "Off".


+------------------------------------------------------------------------+
; Parameter Settings for User Entity Instance: BufferValidator:Validator ;
+-----------------------+-------+----------------------------------------+
; Parameter Name        ; Value ; Type                                   ;
+-----------------------+-------+----------------------------------------+
; Instruction_word_size ; 32    ; Signed Integer                         ;
; bs                    ; 16    ; Signed Integer                         ;
+-----------------------+-------+----------------------------------------+
Note: In order to hide this table in the UI and the text report file, please set the "Show Parameter Settings in Synthesis Report" option in "Analysis and Synthesis Settings -> More Settings" to "Off".


+---------------------------------------------------------------------------------------------------------+
; Parameter Settings for Inferred Entity Instance: InstructionBuffer:Buffer|altsyncram:Instr_buffer_rtl_0 ;
+------------------------------------+----------------------+---------------------------------------------+
; Parameter Name                     ; Value                ; Type                                        ;
+------------------------------------+----------------------+---------------------------------------------+
; BYTE_SIZE_BLOCK                    ; 8                    ; Untyped                                     ;
; AUTO_CARRY_CHAINS                  ; ON                   ; AUTO_CARRY                                  ;
; IGNORE_CARRY_BUFFERS               ; OFF                  ; IGNORE_CARRY                                ;
; AUTO_CASCADE_CHAINS                ; ON                   ; AUTO_CASCADE                                ;
; IGNORE_CASCADE_BUFFERS             ; OFF                  ; IGNORE_CASCADE                              ;
; WIDTH_BYTEENA                      ; 1                    ; Untyped                                     ;
; OPERATION_MODE                     ; DUAL_PORT            ; Untyped                                     ;
; WIDTH_A                            ; 32                   ; Untyped                                     ;
; WIDTHAD_A                          ; 4                    ; Untyped                                     ;
; NUMWORDS_A                         ; 16                   ; Untyped                                     ;
; OUTDATA_REG_A                      ; UNREGISTERED         ; Untyped                                     ;
; ADDRESS_ACLR_A                     ; NONE                 ; Untyped                                     ;
; OUTDATA_ACLR_A                     ; NONE                 ; Untyped                                     ;
; WRCONTROL_ACLR_A                   ; NONE                 ; Untyped                                     ;
; INDATA_ACLR_A                      ; NONE                 ; Untyped                                     ;
; BYTEENA_ACLR_A                     ; NONE                 ; Untyped                                     ;
; WIDTH_B                            ; 32                   ; Untyped                                     ;
; WIDTHAD_B                          ; 4                    ; Untyped                                     ;
; NUMWORDS_B                         ; 16                   ; Untyped                                     ;
; INDATA_REG_B                       ; CLOCK1               ; Untyped                                     ;
; WRCONTROL_WRADDRESS_REG_B          ; CLOCK1               ; Untyped                                     ;
; RDCONTROL_REG_B                    ; CLOCK1               ; Untyped                                     ;
; ADDRESS_REG_B                      ; CLOCK0               ; Untyped                                     ;
; OUTDATA_REG_B                      ; UNREGISTERED         ; Untyped                                     ;
; BYTEENA_REG_B                      ; CLOCK1               ; Untyped                                     ;
; INDATA_ACLR_B                      ; NONE                 ; Untyped                                     ;
; WRCONTROL_ACLR_B                   ; NONE                 ; Untyped                                     ;
; ADDRESS_ACLR_B                     ; NONE                 ; Untyped                                     ;
; OUTDATA_ACLR_B                     ; NONE                 ; Untyped                                     ;
; RDCONTROL_ACLR_B                   ; NONE                 ; Untyped                                     ;
; BYTEENA_ACLR_B                     ; NONE                 ; Untyped                                     ;
; WIDTH_BYTEENA_A                    ; 1                    ; Untyped                                     ;
; WIDTH_BYTEENA_B                    ; 1                    ; Untyped                                     ;
; RAM_BLOCK_TYPE                     ; AUTO                 ; Untyped                                     ;
; BYTE_SIZE                          ; 8                    ; Untyped                                     ;
; READ_DURING_WRITE_MODE_MIXED_PORTS ; OLD_DATA             ; Untyped                                     ;
; READ_DURING_WRITE_MODE_PORT_A      ; NEW_DATA_NO_NBE_READ ; Untyped                                     ;
; READ_DURING_WRITE_MODE_PORT_B      ; NEW_DATA_NO_NBE_READ ; Untyped                                     ;
; INIT_FILE                          ; UNUSED               ; Untyped                                     ;
; INIT_FILE_LAYOUT                   ; PORT_A               ; Untyped                                     ;
; MAXIMUM_DEPTH                      ; 0                    ; Untyped                                     ;
; CLOCK_ENABLE_INPUT_A               ; NORMAL               ; Untyped                                     ;
; CLOCK_ENABLE_INPUT_B               ; NORMAL               ; Untyped                                     ;
; CLOCK_ENABLE_OUTPUT_A              ; NORMAL               ; Untyped                                     ;
; CLOCK_ENABLE_OUTPUT_B              ; NORMAL               ; Untyped                                     ;
; CLOCK_ENABLE_CORE_A                ; USE_INPUT_CLKEN      ; Untyped                                     ;
; CLOCK_ENABLE_CORE_B                ; USE_INPUT_CLKEN      ; Untyped                                     ;
; ENABLE_ECC                         ; FALSE                ; Untyped                                     ;
; ECC_PIPELINE_STAGE_ENABLED         ; FALSE                ; Untyped                                     ;
; WIDTH_ECCSTATUS                    ; 3                    ; Untyped                                     ;
; DEVICE_FAMILY                      ; Cyclone V            ; Untyped                                     ;
; CBXI_PARAMETER                     ; altsyncram_03n1      ; Untyped                                     ;
+------------------------------------+----------------------+---------------------------------------------+
Note: In order to hide this table in the UI and the text report file, please set the "Show Parameter Settings in Synthesis Report" option in "Analysis and Synthesis Settings -> More Settings" to "Off".


+----------------------------------------------------------------------------------------------------------------------------+
; Parameter Settings for Inferred Entity Instance: ESM_Core:Core|ESM_Core_IIM:IIM|MappingTable:mapping_table|lpm_divide:Mod0 ;
+------------------------+----------------+----------------------------------------------------------------------------------+
; Parameter Name         ; Value          ; Type                                                                             ;
+------------------------+----------------+----------------------------------------------------------------------------------+
; LPM_WIDTHN             ; 32             ; Untyped                                                                          ;
; LPM_WIDTHD             ; 4              ; Untyped                                                                          ;
; LPM_NREPRESENTATION    ; UNSIGNED       ; Untyped                                                                          ;
; LPM_DREPRESENTATION    ; UNSIGNED       ; Untyped                                                                          ;
; LPM_PIPELINE           ; 0              ; Untyped                                                                          ;
; LPM_REMAINDERPOSITIVE  ; TRUE           ; Untyped                                                                          ;
; MAXIMIZE_SPEED         ; 5              ; Untyped                                                                          ;
; CBXI_PARAMETER         ; lpm_divide_l3m ; Untyped                                                                          ;
; CARRY_CHAIN            ; MANUAL         ; Untyped                                                                          ;
; OPTIMIZE_FOR_SPEED     ; 5              ; Untyped                                                                          ;
; AUTO_CARRY_CHAINS      ; ON             ; AUTO_CARRY                                                                       ;
; IGNORE_CARRY_BUFFERS   ; OFF            ; IGNORE_CARRY                                                                     ;
; AUTO_CASCADE_CHAINS    ; ON             ; AUTO_CASCADE                                                                     ;
; IGNORE_CASCADE_BUFFERS ; OFF            ; IGNORE_CASCADE                                                                   ;
+------------------------+----------------+----------------------------------------------------------------------------------+
Note: In order to hide this table in the UI and the text report file, please set the "Show Parameter Settings in Synthesis Report" option in "Analysis and Synthesis Settings -> More Settings" to "Off".


+----------------------------------------------------------------------------------------------------+
; altsyncram Parameter Settings by Entity Instance                                                   ;
+-------------------------------------------+--------------------------------------------------------+
; Name                                      ; Value                                                  ;
+-------------------------------------------+--------------------------------------------------------+
; Number of entity instances                ; 1                                                      ;
; Entity Instance                           ; InstructionBuffer:Buffer|altsyncram:Instr_buffer_rtl_0 ;
;     -- OPERATION_MODE                     ; DUAL_PORT                                              ;
;     -- WIDTH_A                            ; 32                                                     ;
;     -- NUMWORDS_A                         ; 16                                                     ;
;     -- OUTDATA_REG_A                      ; UNREGISTERED                                           ;
;     -- WIDTH_B                            ; 32                                                     ;
;     -- NUMWORDS_B                         ; 16                                                     ;
;     -- ADDRESS_REG_B                      ; CLOCK0                                                 ;
;     -- OUTDATA_REG_B                      ; UNREGISTERED                                           ;
;     -- RAM_BLOCK_TYPE                     ; AUTO                                                   ;
;     -- READ_DURING_WRITE_MODE_MIXED_PORTS ; OLD_DATA                                               ;
+-------------------------------------------+--------------------------------------------------------+


+-----------------------------------------------------+
; Post-Synthesis Netlist Statistics for Top Partition ;
+-----------------------+-----------------------------+
; Type                  ; Count                       ;
+-----------------------+-----------------------------+
; arriav_ff             ; 1388                        ;
;     CLR               ; 356                         ;
;     ENA CLR           ; 1008                        ;
;     plain             ; 24                          ;
; arriav_lcell_comb     ; 2009                        ;
;     arith             ; 184                         ;
;         0 data inputs ; 35                          ;
;         3 data inputs ; 2                           ;
;         4 data inputs ; 64                          ;
;         5 data inputs ; 83                          ;
;     extend            ; 49                          ;
;         7 data inputs ; 49                          ;
;     normal            ; 1776                        ;
;         1 data inputs ; 31                          ;
;         2 data inputs ; 218                         ;
;         3 data inputs ; 107                         ;
;         4 data inputs ; 255                         ;
;         5 data inputs ; 377                         ;
;         6 data inputs ; 788                         ;
; boundary_port         ; 68                          ;
; stratixv_ram_block    ; 32                          ;
;                       ;                             ;
; Max LUT depth         ; 82.70                       ;
; Average LUT depth     ; 17.57                       ;
+-----------------------+-----------------------------+


+-------------------------------+
; Elapsed Time Per Partition    ;
+----------------+--------------+
; Partition Name ; Elapsed Time ;
+----------------+--------------+
; Top            ; 00:00:04     ;
+----------------+--------------+


+-------------------------------+
; Analysis & Synthesis Messages ;
+-------------------------------+
Info: *******************************************************************
Info: Running Quartus Prime Analysis & Synthesis
    Info: Version 20.1.1 Build 720 11/11/2020 SJ Lite Edition
    Info: Processing started: Sun Apr 13 18:22:48 2025
Info: Command: quartus_map --read_settings_files=on --write_settings_files=off ESM -c ESM
Warning (18236): Number of processors has not been specified which may cause overloading on shared machines.  Set the global assignment NUM_PARALLEL_PROCESSORS in your QSF to an appropriate value for best performance.
Info (20030): Parallel compilation is enabled and will use 4 of the 4 processors detected
Info (12021): Found 1 design units, including 1 entities, in source file esm.v
    Info (12023): Found entity 1: ESM File: C:/Users/nawaz/OneDrive/Desktop/programing/verilog/ESM_MODULE/ESM_MODULE/ESM.v Line: 1
Info (12021): Found 1 design units, including 1 entities, in source file components/instructionbuffer.v
    Info (12023): Found entity 1: InstructionBuffer File: C:/Users/nawaz/OneDrive/Desktop/programing/verilog/ESM_MODULE/ESM_MODULE/components/InstructionBuffer.v Line: 1
Info (12021): Found 1 design units, including 1 entities, in source file components/esm_core.v
    Info (12023): Found entity 1: ESM_Core File: C:/Users/nawaz/OneDrive/Desktop/programing/verilog/ESM_MODULE/ESM_MODULE/components/ESM_Core.v Line: 1
Info (12021): Found 1 design units, including 1 entities, in source file components/esm_core_ida.v
    Info (12023): Found entity 1: ESM_Core_IDA File: C:/Users/nawaz/OneDrive/Desktop/programing/verilog/ESM_MODULE/ESM_MODULE/components/ESM_Core_IDA.v Line: 1
Info (12021): Found 1 design units, including 1 entities, in source file components/irt.v
    Info (12023): Found entity 1: IRT File: C:/Users/nawaz/OneDrive/Desktop/programing/verilog/ESM_MODULE/ESM_MODULE/components/IRT.v Line: 1
Info (12021): Found 1 design units, including 1 entities, in source file components/idt.v
    Info (12023): Found entity 1: IDT File: C:/Users/nawaz/OneDrive/Desktop/programing/verilog/ESM_MODULE/ESM_MODULE/components/IDT.v Line: 1
Info (12021): Found 1 design units, including 1 entities, in source file components/buffervalidator.v
    Info (12023): Found entity 1: BufferValidator File: C:/Users/nawaz/OneDrive/Desktop/programing/verilog/ESM_MODULE/ESM_MODULE/components/BufferValidator.v Line: 1
Info (12021): Found 1 design units, including 1 entities, in source file components/esm_core_iim.v
    Info (12023): Found entity 1: ESM_Core_IIM File: C:/Users/nawaz/OneDrive/Desktop/programing/verilog/ESM_MODULE/ESM_MODULE/components/ESM_Core_IIM.v Line: 1
Info (12021): Found 1 design units, including 1 entities, in source file components/candidatelist.v
    Info (12023): Found entity 1: CandidateList File: C:/Users/nawaz/OneDrive/Desktop/programing/verilog/ESM_MODULE/ESM_MODULE/components/CandidateList.v Line: 1
Info (12021): Found 1 design units, including 1 entities, in source file components/mappingtable.v
    Info (12023): Found entity 1: MappingTable File: C:/Users/nawaz/OneDrive/Desktop/programing/verilog/ESM_MODULE/ESM_MODULE/components/MappingTable.v Line: 1
Info (12021): Found 1 design units, including 1 entities, in source file components/prng.v
    Info (12023): Found entity 1: PRNG File: C:/Users/nawaz/OneDrive/Desktop/programing/verilog/ESM_MODULE/ESM_MODULE/components/PRNG.v Line: 1
Info (12021): Found 1 design units, including 1 entities, in source file components/synchronizer.v
    Info (12023): Found entity 1: Synchronizer File: C:/Users/nawaz/OneDrive/Desktop/programing/verilog/ESM_MODULE/ESM_MODULE/components/Synchronizer.v Line: 1
Info (12127): Elaborating entity "ESM" for the top level hierarchy
Info (12128): Elaborating entity "InstructionBuffer" for hierarchy "InstructionBuffer:Buffer" File: C:/Users/nawaz/OneDrive/Desktop/programing/verilog/ESM_MODULE/ESM_MODULE/ESM.v Line: 27
Info (12128): Elaborating entity "ESM_Core" for hierarchy "ESM_Core:Core" File: C:/Users/nawaz/OneDrive/Desktop/programing/verilog/ESM_MODULE/ESM_MODULE/ESM.v Line: 29
Info (12128): Elaborating entity "ESM_Core_IDA" for hierarchy "ESM_Core:Core|ESM_Core_IDA:IDA" File: C:/Users/nawaz/OneDrive/Desktop/programing/verilog/ESM_MODULE/ESM_MODULE/components/ESM_Core.v Line: 16
Info (12128): Elaborating entity "Synchronizer" for hierarchy "ESM_Core:Core|ESM_Core_IDA:IDA|Synchronizer:synchronizer_1" File: C:/Users/nawaz/OneDrive/Desktop/programing/verilog/ESM_MODULE/ESM_MODULE/components/ESM_Core_IDA.v Line: 25
Info (12128): Elaborating entity "Synchronizer" for hierarchy "ESM_Core:Core|ESM_Core_IDA:IDA|Synchronizer:synchronizer_2" File: C:/Users/nawaz/OneDrive/Desktop/programing/verilog/ESM_MODULE/ESM_MODULE/components/ESM_Core_IDA.v Line: 26
Info (12128): Elaborating entity "IRT" for hierarchy "ESM_Core:Core|ESM_Core_IDA:IDA|IRT:irt_table" File: C:/Users/nawaz/OneDrive/Desktop/programing/verilog/ESM_MODULE/ESM_MODULE/components/ESM_Core_IDA.v Line: 28
Warning (10240): Verilog HDL Always Construct warning at IRT.v(31): inferring latch(es) for variable "i", which holds its previous value in one or more paths through the always construct File: C:/Users/nawaz/OneDrive/Desktop/programing/verilog/ESM_MODULE/ESM_MODULE/components/IRT.v Line: 31
Warning (10240): Verilog HDL Always Construct warning at IRT.v(42): inferring latch(es) for variable "j", which holds its previous value in one or more paths through the always construct File: C:/Users/nawaz/OneDrive/Desktop/programing/verilog/ESM_MODULE/ESM_MODULE/components/IRT.v Line: 42
Info (12128): Elaborating entity "IDT" for hierarchy "ESM_Core:Core|ESM_Core_IDA:IDA|IDT:idt_table" File: C:/Users/nawaz/OneDrive/Desktop/programing/verilog/ESM_MODULE/ESM_MODULE/components/ESM_Core_IDA.v Line: 29
Info (12128): Elaborating entity "ESM_Core_IIM" for hierarchy "ESM_Core:Core|ESM_Core_IIM:IIM" File: C:/Users/nawaz/OneDrive/Desktop/programing/verilog/ESM_MODULE/ESM_MODULE/components/ESM_Core.v Line: 18
Info (12128): Elaborating entity "CandidateList" for hierarchy "ESM_Core:Core|ESM_Core_IIM:IIM|CandidateList:list" File: C:/Users/nawaz/OneDrive/Desktop/programing/verilog/ESM_MODULE/ESM_MODULE/components/ESM_Core_IIM.v Line: 23
Info (12128): Elaborating entity "MappingTable" for hierarchy "ESM_Core:Core|ESM_Core_IIM:IIM|MappingTable:mapping_table" File: C:/Users/nawaz/OneDrive/Desktop/programing/verilog/ESM_MODULE/ESM_MODULE/components/ESM_Core_IIM.v Line: 25
Warning (10036): Verilog HDL or VHDL warning at MappingTable.v(20): object "next_buffer_index_reg" assigned a value but never read File: C:/Users/nawaz/OneDrive/Desktop/programing/verilog/ESM_MODULE/ESM_MODULE/components/MappingTable.v Line: 20
Warning (10230): Verilog HDL assignment warning at MappingTable.v(32): truncated value with size 32 to match size of target (4) File: C:/Users/nawaz/OneDrive/Desktop/programing/verilog/ESM_MODULE/ESM_MODULE/components/MappingTable.v Line: 32
Info (12128): Elaborating entity "PRNG" for hierarchy "ESM_Core:Core|ESM_Core_IIM:IIM|PRNG:prng" File: C:/Users/nawaz/OneDrive/Desktop/programing/verilog/ESM_MODULE/ESM_MODULE/components/ESM_Core_IIM.v Line: 27
Info (12128): Elaborating entity "BufferValidator" for hierarchy "BufferValidator:Validator" File: C:/Users/nawaz/OneDrive/Desktop/programing/verilog/ESM_MODULE/ESM_MODULE/ESM.v Line: 31
Info (19000): Inferred 1 megafunctions from design logic
    Info (276029): Inferred altsyncram megafunction from the following design logic: "InstructionBuffer:Buffer|Instr_buffer_rtl_0" 
        Info (286033): Parameter OPERATION_MODE set to DUAL_PORT
        Info (286033): Parameter WIDTH_A set to 32
        Info (286033): Parameter WIDTHAD_A set to 4
        Info (286033): Parameter NUMWORDS_A set to 16
        Info (286033): Parameter WIDTH_B set to 32
        Info (286033): Parameter WIDTHAD_B set to 4
        Info (286033): Parameter NUMWORDS_B set to 16
        Info (286033): Parameter ADDRESS_ACLR_A set to NONE
        Info (286033): Parameter OUTDATA_REG_B set to UNREGISTERED
        Info (286033): Parameter ADDRESS_ACLR_B set to NONE
        Info (286033): Parameter OUTDATA_ACLR_B set to NONE
        Info (286033): Parameter ADDRESS_REG_B set to CLOCK0
        Info (286033): Parameter INDATA_ACLR_A set to NONE
        Info (286033): Parameter WRCONTROL_ACLR_A set to NONE
        Info (286033): Parameter READ_DURING_WRITE_MODE_MIXED_PORTS set to OLD_DATA
Info (278001): Inferred 1 megafunctions from design logic
    Info (278004): Inferred divider/modulo megafunction ("lpm_divide") from the following logic: "ESM_Core:Core|ESM_Core_IIM:IIM|MappingTable:mapping_table|Mod0" File: C:/Users/nawaz/OneDrive/Desktop/programing/verilog/ESM_MODULE/ESM_MODULE/components/MappingTable.v Line: 45
Info (12130): Elaborated megafunction instantiation "InstructionBuffer:Buffer|altsyncram:Instr_buffer_rtl_0"
Info (12133): Instantiated megafunction "InstructionBuffer:Buffer|altsyncram:Instr_buffer_rtl_0" with the following parameter:
    Info (12134): Parameter "OPERATION_MODE" = "DUAL_PORT"
    Info (12134): Parameter "WIDTH_A" = "32"
    Info (12134): Parameter "WIDTHAD_A" = "4"
    Info (12134): Parameter "NUMWORDS_A" = "16"
    Info (12134): Parameter "WIDTH_B" = "32"
    Info (12134): Parameter "WIDTHAD_B" = "4"
    Info (12134): Parameter "NUMWORDS_B" = "16"
    Info (12134): Parameter "ADDRESS_ACLR_A" = "NONE"
    Info (12134): Parameter "OUTDATA_REG_B" = "UNREGISTERED"
    Info (12134): Parameter "ADDRESS_ACLR_B" = "NONE"
    Info (12134): Parameter "OUTDATA_ACLR_B" = "NONE"
    Info (12134): Parameter "ADDRESS_REG_B" = "CLOCK0"
    Info (12134): Parameter "INDATA_ACLR_A" = "NONE"
    Info (12134): Parameter "WRCONTROL_ACLR_A" = "NONE"
    Info (12134): Parameter "READ_DURING_WRITE_MODE_MIXED_PORTS" = "OLD_DATA"
Info (12021): Found 1 design units, including 1 entities, in source file db/altsyncram_03n1.tdf
    Info (12023): Found entity 1: altsyncram_03n1 File: C:/Users/nawaz/OneDrive/Desktop/programing/verilog/ESM_MODULE/ESM_MODULE/db/altsyncram_03n1.tdf Line: 28
Info (12130): Elaborated megafunction instantiation "ESM_Core:Core|ESM_Core_IIM:IIM|MappingTable:mapping_table|lpm_divide:Mod0" File: C:/Users/nawaz/OneDrive/Desktop/programing/verilog/ESM_MODULE/ESM_MODULE/components/MappingTable.v Line: 45
Info (12133): Instantiated megafunction "ESM_Core:Core|ESM_Core_IIM:IIM|MappingTable:mapping_table|lpm_divide:Mod0" with the following parameter: File: C:/Users/nawaz/OneDrive/Desktop/programing/verilog/ESM_MODULE/ESM_MODULE/components/MappingTable.v Line: 45
    Info (12134): Parameter "LPM_WIDTHN" = "32"
    Info (12134): Parameter "LPM_WIDTHD" = "4"
    Info (12134): Parameter "LPM_NREPRESENTATION" = "UNSIGNED"
    Info (12134): Parameter "LPM_DREPRESENTATION" = "UNSIGNED"
Info (12021): Found 1 design units, including 1 entities, in source file db/lpm_divide_l3m.tdf
    Info (12023): Found entity 1: lpm_divide_l3m File: C:/Users/nawaz/OneDrive/Desktop/programing/verilog/ESM_MODULE/ESM_MODULE/db/lpm_divide_l3m.tdf Line: 25
Info (12021): Found 1 design units, including 1 entities, in source file db/sign_div_unsign_olh.tdf
    Info (12023): Found entity 1: sign_div_unsign_olh File: C:/Users/nawaz/OneDrive/Desktop/programing/verilog/ESM_MODULE/ESM_MODULE/db/sign_div_unsign_olh.tdf Line: 25
Info (12021): Found 1 design units, including 1 entities, in source file db/alt_u_div_mve.tdf
    Info (12023): Found entity 1: alt_u_div_mve File: C:/Users/nawaz/OneDrive/Desktop/programing/verilog/ESM_MODULE/ESM_MODULE/db/alt_u_div_mve.tdf Line: 23
Info (286030): Timing-Driven Synthesis is running
Info (16010): Generating hard_block partition "hard_block:auto_generated_inst"
    Info (16011): Adding 0 node(s), including 0 DDIO, 0 PLL, 0 transceiver and 0 LCELL
Warning (21074): Design contains 1 input pin(s) that do not drive logic
    Warning (15610): No output dependent on input pin "ALUSrc" File: C:/Users/nawaz/OneDrive/Desktop/programing/verilog/ESM_MODULE/ESM_MODULE/ESM.v Line: 7
Info (21057): Implemented 3149 device resources after synthesis - the final resource count might be different
    Info (21058): Implemented 36 input pins
    Info (21059): Implemented 32 output pins
    Info (21061): Implemented 3049 logic cells
    Info (21064): Implemented 32 RAM segments
Info: Quartus Prime Analysis & Synthesis was successful. 0 errors, 7 warnings
    Info: Peak virtual memory: 4851 megabytes
    Info: Processing ended: Sun Apr 13 18:23:10 2025
    Info: Elapsed time: 00:00:22
    Info: Total CPU time (on all processors): 00:00:21


